// Jest Snapshot v1, https://goo.gl/fbAQLP

exports[`renders correctly 1`] = `
<div>
  <h1>
    Feed 333
  </h1>
  <Link
    to="/"
  >
    Go to home
  </Link>
</div>
`;
