// Jest Snapshot v1, https://goo.gl/fbAQLP

exports[`runs correctly 1`] = `
<Fragment>
  <header>
    Header
  </header>
  <Routes />
  <footer>
    Footer
  </footer>
</Fragment>
`;
